---
# WARNING: this file was fetched from http://127.0.0.1:*****/docs/_index.md
# Do not edit by hand unless you're certain you know what you are doing!
layout: package
---

# some docs