---
title: "AWS API Gateway"
title_tag: "aws-apigateway.AWS API Gateway"
meta_desc: "Pulumi Amazon Web Services (AWS) API Gateway Components."
layout: api
no_edit_this_page: true
---

<!-- WARNING: this file was generated by Pulumi Docs Generator. -->
<!-- Do not edit by hand unless you're certain you know what you are doing! -->

Pulumi Amazon Web Services (AWS) API Gateway Components.

<h2 id="resources">Resources</h2>
<ul class="api">
    <li><a href="provider/" title="Provider">Provider</a></li>
    <li><a href="restapi/" title="RestAPI">RestAPI</a></li>
</ul>

<h2 id="package-details">Package Details</h2>
<dl class="package-details">
	<dt>Repository</dt>
	<dd><a href="https://github.com/pulumi/pulumi-aws-apigateway">AWS API Gateway pulumi/pulumi-aws-apigateway</a></dd>
	<dt>License</dt>
	<dd>Apache-2.0</dd>
</dl>

