# WARNING: this file was generated by resourcedocsgen
# Do not edit by hand unless you're certain you know what you are doing!
category: Cloud
component: true
description: Pulumi Amazon Web Services (AWS) API Gateway Components.
featured: false
logo_url: https://raw.githubusercontent.com/pulumi/pulumi-aws-apigateway/main/assets/logo.png
name: aws-apigateway
native: false
package_status: ga
publisher: Pulumi
repo_url: https://github.com/pulumi/pulumi-aws-apigateway
schema_file_url: https://raw.githubusercontent.com/pulumi/pulumi-aws-apigateway/v2.6.1/schema.yaml
title: AWS API Gateway
updated_on: 1727876192
version: v2.6.1
