# WARNING: this file was generated by resourcedocsgen
# Do not edit by hand unless you're certain you know what you are doing!
category: Cloud
component: false
description: ""
featured: false
logo_url: ""
name: test
native: true
package_status: ga
publisher: Some Publisher
repo_url: https://github.com/pulumi/pulumi-test
schema_file_url: http://127.0.0.1:*****/schema.json
title: test
updated_on: **********
version: 1.0.0
