[]string{
	"aws-apigateway", "aws-apigateway/api-docs",
	"aws-apigateway/api-docs/_index.md",
	"aws-apigateway/api-docs/provider",
	"aws-apigateway/api-docs/provider/_index.md",
	"aws-apigateway/api-docs/restapi",
	"aws-apigateway/api-docs/restapi/_index.md",
	"random",
	"random/api-docs",
	"random/api-docs/_index.md",
	"random/api-docs/provider",
	"random/api-docs/provider/_index.md",
	"random/api-docs/randombytes",
	"random/api-docs/randombytes/_index.md",
	"random/api-docs/randomid",
	"random/api-docs/randomid/_index.md",
	"random/api-docs/randominteger",
	"random/api-docs/randominteger/_index.md",
	"random/api-docs/randompassword",
	"random/api-docs/randompassword/_index.md",
	"random/api-docs/randompet",
	"random/api-docs/randompet/_index.md",
	"random/api-docs/randomshuffle",
	"random/api-docs/randomshuffle/_index.md",
	"random/api-docs/randomstring",
	"random/api-docs/randomstring/_index.md",
	"random/api-docs/randomuuid",
	"random/api-docs/randomuuid/_index.md",
}
